// Jest Snapshot v1, https://goo.gl/fbAQLP

exports[`layout renders correctly 1`] = `
<div
  className="layout"
>
  <h1>
    Test
  </h1>
</div>
`;
