// Jest Snapshot v1, https://goo.gl/fbAQLP

exports[`PostTemplate renders correctly 1`] = `
<div
  className="layout"
>
  <div
    dangerouslySetInnerHTML={
      Object {
        "__html": "<p>test</p>",
      }
    }
  />
</div>
`;
